snehalw@node1:/dev/shm/backup/clientdir$ time git clone https://github.com/google/leveldb.git
Cloning into 'leveldb'...
remote: Enumerating objects: 3462, done.
remote: Counting objects: 100% (5/5), done.
remote: Compressing objects: 100% (5/5), done.
remote: Total 3462 (delta 0), reused 1 (delta 0), pack-reused 3457
Receiving objects: 100% (3462/3462), 1.62 MiB | 2.18 MiB/s, done.
Resolving deltas: 100% (2431/2431), done.
Updating files: 100% (154/154), done.

real	0m4.563s
user	0m0.498s
sys	0m0.210s

snehalw@node1:/dev/shm/backup/clientdir/leveldb$ time git submodule update --init
Submodule 'third_party/benchmark' (https://github.com/google/benchmark) registered for path 'third_party/benchmark'
Submodule 'third_party/googletest' (https://github.com/google/googletest.git) registered for path 'third_party/googlete
Cloning into '/dev/shm/backup/clientdir/leveldb/third_party/benchmark'...
Cloning into '/dev/shm/backup/clientdir/leveldb/third_party/googletest'...
Submodule path 'third_party/benchmark': checked out '7d0d9061d83b663ce05d9de5da3d5865a3845b79'
Submodule path 'third_party/googletest': checked out '662fe38e44900c007eccb65a5d2ea19df7bd520e'

real	0m16.714s
user	0m4.163s
sys	0m0.889s


snehalw@node1:/dev/shm/backup/clientdir/leveldb/build$ time cmake ..
-- The C compiler identification is GNU 9.3.0
-- The CXX compiler identification is GNU 9.3.0
-- Check for working C compiler: /usr/bin/cc
-- Check for working C compiler: /usr/bin/cc -- works
-- Detecting C compiler ABI info
-- Detecting C compiler ABI info - done
-- Detecting C compile features
-- Detecting C compile features - done
-- Check for working CXX compiler: /usr/bin/c++
-- Check for working CXX compiler: /usr/bin/c++ -- works
-- Detecting CXX compiler ABI info
-- Detecting CXX compiler ABI info - done
-- Detecting CXX compile features
-- Detecting CXX compile features - done
-- Looking for unistd.h
-- Looking for unistd.h - found
-- Looking for crc32c_value in crc32c
-- Looking for crc32c_value in crc32c - not found
-- Looking for snappy_compress in snappy
-- Looking for snappy_compress in snappy - not found
-- Looking for malloc in tcmalloc
-- Looking for malloc in tcmalloc - not found
-- Looking for fdatasync
-- Looking for fdatasync - found
-- Looking for F_FULLFSYNC
-- Looking for F_FULLFSYNC - not found
-- Looking for O_CLOEXEC
-- Looking for O_CLOEXEC - found
-- Performing Test HAVE_CLANG_THREAD_SAFETY
-- Performing Test HAVE_CLANG_THREAD_SAFETY - Failed
-- Performing Test LEVELDB_HAVE_NO_MISSING_FIELD_INITIALIZERS
-- Performing Test LEVELDB_HAVE_NO_MISSING_FIELD_INITIALIZERS - Success
-- Performing Test HAVE_CXX17_HAS_INCLUDE
-- Performing Test HAVE_CXX17_HAS_INCLUDE - Success
-- Looking for pthread.h
-- Looking for pthread.h - found
-- Performing Test CMAKE_HAVE_LIBC_PTHREAD
-- Performing Test CMAKE_HAVE_LIBC_PTHREAD - Failed
-- Looking for pthread_create in pthreads
-- Looking for pthread_create in pthreads - not found
-- Looking for pthread_create in pthread
-- Looking for pthread_create in pthread - found
-- Found Threads: TRUE  
-- Found Python: /usr/bin/python3.8 (found version "3.8.10") found components: Interpreter 
-- Failed to find LLVM FileCheck
-- Found Git: /usr/bin/git (found version "2.25.1") 
-- git Version: v1.5.3-7d0d9061
-- Version: 1.5.3
-- Performing Test HAVE_CXX_FLAG_STD_CXX11
-- Performing Test HAVE_CXX_FLAG_STD_CXX11 - Success
-- Performing Test HAVE_CXX_FLAG_WALL
-- Performing Test HAVE_CXX_FLAG_WALL - Success
-- Performing Test HAVE_CXX_FLAG_WEXTRA
-- Performing Test HAVE_CXX_FLAG_WEXTRA - Success
-- Performing Test HAVE_CXX_FLAG_WSHADOW
-- Performing Test HAVE_CXX_FLAG_WSHADOW - Success
-- Performing Test HAVE_CXX_FLAG_WERROR
-- Performing Test HAVE_CXX_FLAG_WERROR - Success
-- Performing Test HAVE_CXX_FLAG_WSUGGEST_OVERRIDE
-- Performing Test HAVE_CXX_FLAG_WSUGGEST_OVERRIDE - Success
-- Performing Test HAVE_CXX_FLAG_WSHORTEN_64_TO_32
-- Performing Test HAVE_CXX_FLAG_WSHORTEN_64_TO_32 - Failed
-- Performing Test HAVE_CXX_FLAG_FSTRICT_ALIASING
-- Performing Test HAVE_CXX_FLAG_FSTRICT_ALIASING - Success
-- Performing Test HAVE_CXX_FLAG_WNO_DEPRECATED_DECLARATIONS
-- Performing Test HAVE_CXX_FLAG_WNO_DEPRECATED_DECLARATIONS - Success
-- Performing Test HAVE_CXX_FLAG_WNO_DEPRECATED
-- Performing Test HAVE_CXX_FLAG_WNO_DEPRECATED - Success
-- Performing Test HAVE_CXX_FLAG_FNO_EXCEPTIONS
-- Performing Test HAVE_CXX_FLAG_FNO_EXCEPTIONS - Success
-- Performing Test HAVE_CXX_FLAG_WSTRICT_ALIASING
-- Performing Test HAVE_CXX_FLAG_WSTRICT_ALIASING - Success
-- Performing Test HAVE_CXX_FLAG_WD654
-- Performing Test HAVE_CXX_FLAG_WD654 - Failed
-- Performing Test HAVE_CXX_FLAG_WTHREAD_SAFETY
-- Performing Test HAVE_CXX_FLAG_WTHREAD_SAFETY - Failed
-- Performing Test HAVE_CXX_FLAG_COVERAGE
-- Performing Test HAVE_CXX_FLAG_COVERAGE - Success
-- Performing Test HAVE_STD_REGEX
-- Performing Test HAVE_STD_REGEX
-- Performing Test HAVE_STD_REGEX -- success
-- Performing Test HAVE_GNU_POSIX_REGEX
-- Performing Test HAVE_GNU_POSIX_REGEX
-- Performing Test HAVE_GNU_POSIX_REGEX -- failed to compile
-- Performing Test HAVE_POSIX_REGEX
-- Performing Test HAVE_POSIX_REGEX
-- Performing Test HAVE_POSIX_REGEX -- success
-- Performing Test HAVE_STEADY_CLOCK
-- Performing Test HAVE_STEADY_CLOCK
-- Performing Test HAVE_STEADY_CLOCK -- success
-- Check if compiler accepts -pthread
-- Check if compiler accepts -pthread - yes
-- Looking for sqlite3_open in sqlite3
-- Looking for sqlite3_open in sqlite3 - not found
-- Performing Test HAVE_KYOTOCABINET
-- Performing Test HAVE_KYOTOCABINET - Failed
-- Configuring done
-- Generating done
-- Build files have been written to: /dev/shm/backup/clientdir/leveldb/build

real	0m42.951s
user	0m8.260s
sys	0m3.188s

snehalw@node1:/dev/shm/backup/clientdir/leveldb/build$ time make -j 1
Scanning dependencies of target benchmark
[ -2%] Building CXX object third_party/benchmark/src/CMakeFiles/benchmark.dir/benchmark.cc.o
[ -1%] Building CXX object third_party/benchmark/src/CMakeFiles/benchmark.dir/benchmark_api_internal.cc.o
[  0%] Building CXX object third_party/benchmark/src/CMakeFiles/benchmark.dir/benchmark_name.cc.o
[  1%] Building CXX object third_party/benchmark/src/CMakeFiles/benchmark.dir/benchmark_register.cc.o
[  2%] Building CXX object third_party/benchmark/src/CMakeFiles/benchmark.dir/benchmark_runner.cc.o
[  3%] Building CXX object third_party/benchmark/src/CMakeFiles/benchmark.dir/colorprint.cc.o
[  4%] Building CXX object third_party/benchmark/src/CMakeFiles/benchmark.dir/commandlineflags.cc.o
[  5%] Building CXX object third_party/benchmark/src/CMakeFiles/benchmark.dir/complexity.cc.o
[  6%] Building CXX object third_party/benchmark/src/CMakeFiles/benchmark.dir/console_reporter.cc.o
[  7%] Building CXX object third_party/benchmark/src/CMakeFiles/benchmark.dir/counter.cc.o
[  8%] Building CXX object third_party/benchmark/src/CMakeFiles/benchmark.dir/csv_reporter.cc.o
[  9%] Building CXX object third_party/benchmark/src/CMakeFiles/benchmark.dir/json_reporter.cc.o
[ 10%] Building CXX object third_party/benchmark/src/CMakeFiles/benchmark.dir/perf_counters.cc.o
[ 11%] Building CXX object third_party/benchmark/src/CMakeFiles/benchmark.dir/reporter.cc.o
[ 12%] Building CXX object third_party/benchmark/src/CMakeFiles/benchmark.dir/sleep.cc.o
[ 13%] Building CXX object third_party/benchmark/src/CMakeFiles/benchmark.dir/statistics.cc.o
[ 14%] Building CXX object third_party/benchmark/src/CMakeFiles/benchmark.dir/string_util.cc.o
[ 14%] Building CXX object third_party/benchmark/src/CMakeFiles/benchmark.dir/sysinfo.cc.o
[ 15%] Building CXX object third_party/benchmark/src/CMakeFiles/benchmark.dir/timers.cc.o
[ 16%] Linking CXX static library libbenchmark.a
[ 16%] Built target benchmark
Scanning dependencies of target gtest
[ 17%] Building CXX object third_party/googletest/googletest/CMakeFiles/gtest.dir/src/gtest-all.cc.o
[ 18%] Linking CXX static library ../../../lib/libgtest.a
[ 18%] Built target gtest
Scanning dependencies of target gmock
[ 19%] Building CXX object third_party/googletest/googlemock/CMakeFiles/gmock.dir/src/gmock-all.cc.o
[ 20%] Linking CXX static library ../../../lib/libgmock.a
[ 20%] Built target gmock
Scanning dependencies of target leveldb
[ 21%] Building CXX object CMakeFiles/leveldb.dir/db/builder.cc.o
[ 22%] Building CXX object CMakeFiles/leveldb.dir/db/c.cc.o
[ 23%] Building CXX object CMakeFiles/leveldb.dir/db/db_impl.cc.o
[ 24%] Building CXX object CMakeFiles/leveldb.dir/db/db_iter.cc.o
[ 25%] Building CXX object CMakeFiles/leveldb.dir/db/dbformat.cc.o
[ 26%] Building CXX object CMakeFiles/leveldb.dir/db/dumpfile.cc.o
[ 27%] Building CXX object CMakeFiles/leveldb.dir/db/filename.cc.o
[ 28%] Building CXX object CMakeFiles/leveldb.dir/db/log_reader.cc.o
[ 29%] Building CXX object CMakeFiles/leveldb.dir/db/log_writer.cc.o
[ 30%] Building CXX object CMakeFiles/leveldb.dir/db/memtable.cc.o
[ 31%] Building CXX object CMakeFiles/leveldb.dir/db/repair.cc.o
[ 32%] Building CXX object CMakeFiles/leveldb.dir/db/table_cache.cc.o
[ 33%] Building CXX object CMakeFiles/leveldb.dir/db/version_edit.cc.o
[ 33%] Building CXX object CMakeFiles/leveldb.dir/db/version_set.cc.o
[ 34%] Building CXX object CMakeFiles/leveldb.dir/db/write_batch.cc.o
[ 35%] Building CXX object CMakeFiles/leveldb.dir/table/block_builder.cc.o
[ 36%] Building CXX object CMakeFiles/leveldb.dir/table/block.cc.o
[ 37%] Building CXX object CMakeFiles/leveldb.dir/table/filter_block.cc.o
[ 38%] Building CXX object CMakeFiles/leveldb.dir/table/format.cc.o
[ 39%] Building CXX object CMakeFiles/leveldb.dir/table/iterator.cc.o
[ 40%] Building CXX object CMakeFiles/leveldb.dir/table/merger.cc.o
[ 41%] Building CXX object CMakeFiles/leveldb.dir/table/table_builder.cc.o
[ 42%] Building CXX object CMakeFiles/leveldb.dir/table/table.cc.o
[ 43%] Building CXX object CMakeFiles/leveldb.dir/table/two_level_iterator.cc.o
[ 44%] Building CXX object CMakeFiles/leveldb.dir/util/arena.cc.o
[ 45%] Building CXX object CMakeFiles/leveldb.dir/util/bloom.cc.o
[ 46%] Building CXX object CMakeFiles/leveldb.dir/util/cache.cc.o
[ 47%] Building CXX object CMakeFiles/leveldb.dir/util/coding.cc.o
[ 48%] Building CXX object CMakeFiles/leveldb.dir/util/comparator.cc.o
[ 49%] Building CXX object CMakeFiles/leveldb.dir/util/crc32c.cc.o
[ 49%] Building CXX object CMakeFiles/leveldb.dir/util/env.cc.o
[ 50%] Building CXX object CMakeFiles/leveldb.dir/util/filter_policy.cc.o
[ 51%] Building CXX object CMakeFiles/leveldb.dir/util/hash.cc.o
[ 52%] Building CXX object CMakeFiles/leveldb.dir/util/logging.cc.o
[ 53%] Building CXX object CMakeFiles/leveldb.dir/util/options.cc.o
[ 54%] Building CXX object CMakeFiles/leveldb.dir/util/status.cc.o
[ 55%] Building CXX object CMakeFiles/leveldb.dir/util/env_posix.cc.o
[ 56%] Building CXX object CMakeFiles/leveldb.dir/helpers/memenv/memenv.cc.o
[ 57%] Linking CXX static library libleveldb.a
[ 57%] Built target leveldb
Scanning dependencies of target db_bench
[ 58%] Building CXX object CMakeFiles/db_bench.dir/util/histogram.cc.o
[ 59%] Building CXX object CMakeFiles/db_bench.dir/util/testutil.cc.o
[ 60%] Building CXX object CMakeFiles/db_bench.dir/benchmarks/db_bench.cc.o
[ 61%] Linking CXX executable db_bench
[ 61%] Built target db_bench
Scanning dependencies of target env_posix_test
[ 62%] Building CXX object CMakeFiles/env_posix_test.dir/util/testutil.cc.o
[ 63%] Building CXX object CMakeFiles/env_posix_test.dir/util/env_posix_test.cc.o
[ 64%] Linking CXX executable env_posix_test
[ 64%] Built target env_posix_test
Scanning dependencies of target gtest_main
[ 65%] Building CXX object third_party/googletest/googletest/CMakeFiles/gtest_main.dir/src/gtest_main.cc.o
[ 66%] Linking CXX static library ../../../lib/libgtest_main.a
[ 66%] Built target gtest_main
Scanning dependencies of target leveldb_tests
[ 67%] Building CXX object CMakeFiles/leveldb_tests.dir/util/status_test.cc.o
[ 68%] Building CXX object CMakeFiles/leveldb_tests.dir/util/no_destructor_test.cc.o
[ 69%] Building CXX object CMakeFiles/leveldb_tests.dir/util/testutil.cc.o
[ 70%] Building CXX object CMakeFiles/leveldb_tests.dir/db/autocompact_test.cc.o
[ 71%] Building CXX object CMakeFiles/leveldb_tests.dir/db/corruption_test.cc.o
[ 72%] Building CXX object CMakeFiles/leveldb_tests.dir/db/db_test.cc.o
[ 73%] Building CXX object CMakeFiles/leveldb_tests.dir/db/dbformat_test.cc.o
[ 74%] Building CXX object CMakeFiles/leveldb_tests.dir/db/filename_test.cc.o
[ 75%] Building CXX object CMakeFiles/leveldb_tests.dir/db/log_test.cc.o
[ 75%] Building CXX object CMakeFiles/leveldb_tests.dir/db/recovery_test.cc.o
[ 76%] Building CXX object CMakeFiles/leveldb_tests.dir/db/skiplist_test.cc.o
[ 77%] Building CXX object CMakeFiles/leveldb_tests.dir/db/version_edit_test.cc.o
[ 78%] Building CXX object CMakeFiles/leveldb_tests.dir/db/version_set_test.cc.o
[ 79%] Building CXX object CMakeFiles/leveldb_tests.dir/db/write_batch_test.cc.o
[ 80%] Building CXX object CMakeFiles/leveldb_tests.dir/helpers/memenv/memenv_test.cc.o
[ 81%] Building CXX object CMakeFiles/leveldb_tests.dir/table/filter_block_test.cc.o
[ 82%] Building CXX object CMakeFiles/leveldb_tests.dir/table/table_test.cc.o
[ 83%] Building CXX object CMakeFiles/leveldb_tests.dir/util/arena_test.cc.o
[ 84%] Building CXX object CMakeFiles/leveldb_tests.dir/util/bloom_test.cc.o
[ 85%] Building CXX object CMakeFiles/leveldb_tests.dir/util/cache_test.cc.o
[ 86%] Building CXX object CMakeFiles/leveldb_tests.dir/util/coding_test.cc.o
[ 87%] Building CXX object CMakeFiles/leveldb_tests.dir/util/crc32c_test.cc.o
[ 88%] Building CXX object CMakeFiles/leveldb_tests.dir/util/hash_test.cc.o
[ 89%] Building CXX object CMakeFiles/leveldb_tests.dir/util/logging_test.cc.o
[ 90%] Linking CXX executable leveldb_tests
[ 90%] Built target leveldb_tests
Scanning dependencies of target leveldbutil
[ 91%] Building CXX object CMakeFiles/leveldbutil.dir/db/leveldbutil.cc.o
[ 92%] Linking CXX executable leveldbutil
[ 92%] Built target leveldbutil
Scanning dependencies of target c_test
[ 93%] Building CXX object CMakeFiles/c_test.dir/util/testutil.cc.o
[ 94%] Building C object CMakeFiles/c_test.dir/db/c_test.c.o
[ 95%] Linking CXX executable c_test
[ 95%] Built target c_test
Scanning dependencies of target gmock_main
[ 96%] Building CXX object third_party/googletest/googlemock/CMakeFiles/gmock_main.dir/src/gmock_main.cc.o
[ 96%] Linking CXX static library ../../../lib/libgmock_main.a
[ 96%] Built target gmock_main
Scanning dependencies of target benchmark_main
[ 97%] Building CXX object third_party/benchmark/src/CMakeFiles/benchmark_main.dir/benchmark_main.cc.o
[ 98%] Linking CXX static library libbenchmark_main.a
[ 98%] Built target benchmark_main
real	7m34.804s
user	1m25.911s
sys	0m21.250s


snehalw@node1:/dev/shm/backup/clientdir/leveldb/build$ time make -j 2
real	3m36.526s
user	1m31.347s
sys	0m20.442s


snehalw@node1:/dev/shm/backup/clientdir/leveldb/build$ time make -j 4
real	2m10.482s
user	1m31.097s
sys	0m21.894s


snehalw@node1:/dev/shm/backup/clientdir/leveldb/build$ time make -j 8
real	1m51.572s
user	1m34.944s
sys	0m23.458s


snehalw@node1:/dev/shm/backup/clientdir/leveldb/build$ time make -j 16
real	1m41.357s
user	1m29.618s
sys	0m23.711s


snehalw@node1:/dev/shm/backup/clientdir/leveldb/build$ time make -j 32
real	1m53.226s
user	1m38.960s
sys	0m43.786s
